STEP GAPS 14
   ai_governance::CC_RECLAIM_UNUSED_LICENSE_V0 deregister_license DEREGISTER CS_REGISTRY_V0 surface ['BACKEND_ERROR', 'NOT_FOUND', 'SUCCESS'] missing ['VIOLATION'] on_result {'BACKEND_ERROR': 'exit', 'NOT_FOUND': 'exit', 'SUCCESS': 'exit'}
   blockchain::CC_APPEND_WALLET_OCCURRENCE_V0 append_occurrence APPEND CS_APPENDONLY_JSONL_V0 surface ['SUCCESS', 'VIOLATION'] missing ['BACKEND_ERROR'] on_result {'SUCCESS': 'continue', 'VIOLATION': 'exit'}
   blockchain::CC_CLAIM_WALLET_IDENTITY_V0 claim_wallet_identity REGISTER CS_REGISTRY_V0 surface ['ALREADY_EXISTS', 'SUCCESS', 'VIOLATION'] missing ['BACKEND_ERROR'] on_result {'ALREADY_EXISTS': 'exit', 'SUCCESS': 'continue', 'VIOLATION': 'exit'}
   blockchain::CC_CREATE_WALLET_RECORD_V0 write_wallet WRITE CS_MUTABLE_JSON_V0 surface ['SUCCESS', 'VIOLATION'] missing ['BACKEND_ERROR'] on_result {'SUCCESS': 'continue', 'VIOLATION': 'exit'}
   blockchain::CC_RESOLVE_ACTOR_V0 resolve_address RESOLVE CS_REGISTRY_V0 surface ['NOT_FOUND', 'SUCCESS', 'VIOLATION'] missing ['BACKEND_ERROR'] on_result {'NOT_FOUND': 'exit', 'SUCCESS': 'continue', 'VIOLATION': 'exit'}
   blockchain::CC_RESOLVE_ACTOR_V0 read_actor READ CS_MUTABLE_JSON_V0 surface ['NOT_FOUND', 'SUCCESS', 'VIOLATION'] missing ['BACKEND_ERROR'] on_result {'NOT_FOUND': 'exit', 'SUCCESS': 'continue', 'VIOLATION': 'exit'}
   transformation::CC_JUDGE_AGAINST_COMPOSITION_V0 observe_composition QUERY CS_SNAPSHOT_QUERY_V0 surface ['BACKEND_ERROR', 'SUCCESS', 'VIOLATION'] missing ['NOT_FOUND'] on_result {'BACKEND_ERROR': 'exit', 'SUCCESS': 'continue', 'VIOLATION': 'exit'}
   transformation::CC_JUDGE_AGAINST_COMPOSITION_V0 observe_declarations QUERY CS_SNAPSHOT_QUERY_V0 surface ['BACKEND_ERROR', 'SUCCESS', 'VIOLATION'] missing ['NOT_FOUND'] on_result {'BACKEND_ERROR': 'exit', 'SUCCESS': 'continue', 'VIOLATION': 'exit'}
   transformation::CC_JUDGE_AGAINST_SNAPSHOT_V0 observe_composition QUERY CS_SNAPSHOT_QUERY_V0 surface ['BACKEND_ERROR', 'SUCCESS', 'VIOLATION'] missing ['NOT_FOUND'] on_result {'BACKEND_ERROR': 'exit', 'SUCCESS': 'continue', 'VIOLATION': 'exit'}
   transformation::CC_JUDGE_AGAINST_SNAPSHOT_V0 observe_capabilities QUERY CS_SNAPSHOT_QUERY_V0 surface ['BACKEND_ERROR', 'SUCCESS', 'VIOLATION'] missing ['NOT_FOUND'] on_result {'BACKEND_ERROR': 'exit', 'SUCCESS': 'continue', 'VIOLATION': 'exit'}
   transformation::CC_JUDGE_AGAINST_SNAPSHOT_V0 observe_reuse_visibility QUERY CS_SNAPSHOT_QUERY_V0 surface ['BACKEND_ERROR', 'SUCCESS', 'VIOLATION'] missing ['NOT_FOUND'] on_result {'BACKEND_ERROR': 'exit', 'SUCCESS': 'continue', 'VIOLATION': 'exit'}
   transformation::CC_JUDGE_AGAINST_SNAPSHOT_V0 observe_store_list QUERY CS_SNAPSHOT_QUERY_V0 surface ['BACKEND_ERROR', 'SUCCESS', 'VIOLATION'] missing ['NOT_FOUND'] on_result {'BACKEND_ERROR': 'exit', 'SUCCESS': 'continue', 'VIOLATION': 'exit'}
   transformation::CC_JUDGE_AGAINST_SNAPSHOT_V0 observe_rule_set_list QUERY CS_SNAPSHOT_QUERY_V0 surface ['BACKEND_ERROR', 'SUCCESS', 'VIOLATION'] missing ['NOT_FOUND'] on_result {'BACKEND_ERROR': 'exit', 'SUCCESS': 'continue', 'VIOLATION': 'exit'}
   transformation::CC_JUDGE_AGAINST_SNAPSHOT_V0 observe_behavior_logic_list QUERY CS_SNAPSHOT_QUERY_V0 surface ['BACKEND_ERROR', 'SUCCESS', 'VIOLATION'] missing ['NOT_FOUND'] on_result {'BACKEND_ERROR': 'exit', 'SUCCESS': 'continue', 'VIOLATION': 'exit'}
WORKFLOW GAPS 11
   blockchain::WF_ACCEPT_ACTOR_V0  CC_APPEND_ACTOR_OCCURRENCE_V0 missing ['BACKEND_ERROR'] routes {'SUCCESS': 'EXIT_SUCCESS', 'VIOLATION': 'EXIT_REJECTED'}
   blockchain::WF_ACCEPT_ACTOR_V0  CC_RECORD_VERIFICATION_DECISION_V0 missing ['BACKEND_ERROR'] routes {'SUCCESS': 'CC_APPEND_ACTOR_OCCURRENCE_V0', 'VIOLATION': 'EXIT_REJECTED'}
   blockchain::WF_CREATE_WALLET_V0  CC_APPEND_WALLET_OCCURRENCE_V0 missing ['BACKEND_ERROR'] routes {'SUCCESS': 'EXIT_SUCCESS', 'VIOLATION': 'EXIT_REJECTED'}
   blockchain::WF_CREATE_WALLET_V0  CC_CREATE_WALLET_RECORD_V0 missing ['BACKEND_ERROR'] routes {'SUCCESS': 'CC_APPEND_WALLET_OCCURRENCE_V0', 'VIOLATION': 'EXIT_REJECTED'}
   blockchain::WF_RECORD_VERIFICATION_DECISION_V0 (superseded) CC_APPEND_ACTOR_OCCURRENCE_V0 missing ['BACKEND_ERROR'] routes {'SUCCESS': 'EXIT_SUCCESS', 'VIOLATION': 'EXIT_REJECTED'}
   blockchain::WF_RECORD_VERIFICATION_DECISION_V0 (superseded) CC_RECORD_VERIFICATION_DECISION_V0 missing ['BACKEND_ERROR'] routes {'SUCCESS': 'CC_APPEND_ACTOR_OCCURRENCE_V0', 'VIOLATION': 'EXIT_REJECTED'}
   blockchain::WF_REGISTER_ACTOR_V0  CC_APPEND_ACTOR_OCCURRENCE_V0 missing ['BACKEND_ERROR'] routes {'SUCCESS': 'EXIT_SUCCESS', 'VIOLATION': 'EXIT_REJECTED'}
   blockchain::WF_REGISTER_ACTOR_V0  CC_CLAIM_CONTACT_ADDRESS_V0 missing ['BACKEND_ERROR'] routes {'ALREADY_EXISTS': 'CC_APPEND_ACTOR_OCCURRENCE_V0', 'SUCCESS': 'CC_REGISTER_ACTOR_V0', 'VIOLATION': 'EXIT_REJECTED'}
   blockchain::WF_REGISTER_ACTOR_V0  CC_REGISTER_ACTOR_V0 missing ['BACKEND_ERROR'] routes {'SUCCESS': 'CC_APPEND_ACTOR_OCCURRENCE_V0', 'VIOLATION': 'EXIT_REJECTED'}
   blockchain::WF_REJECT_ACTOR_V0  CC_APPEND_ACTOR_OCCURRENCE_V0 missing ['BACKEND_ERROR'] routes {'SUCCESS': 'EXIT_SUCCESS', 'VIOLATION': 'EXIT_REJECTED'}
   blockchain::WF_REJECT_ACTOR_V0  CC_RECORD_VERIFICATION_DECISION_V0 missing ['BACKEND_ERROR'] routes {'SUCCESS': 'CC_APPEND_ACTOR_OCCURRENCE_V0', 'VIOLATION': 'EXIT_REJECTED'}
GATE GAPS 0
